<html>
<body>
<pre>
<h1>µVision Build Log</h1>
<h2>Project:</h2>
C:\Users\balaz\OneDrive\Desktop\Arm\IOT\major.uvproj
Project File Date:  02/07/2026

<h2>Output:</h2>
Build target 'Target 1'
compiling ESp01_2.c...
types.h(14): warning:  #1-D: last line of file ends without a newline
  #endif
uart0.h(5): warning:  #1295-D: Deprecated declaration uart0_init - give arg types
  void uart0_init();
uart0.h(7): warning:  #1295-D: Deprecated declaration uart0_rxchar - give arg types
  u8 uart0_rxchar();
uart0.h(40): warning:  #1-D: last line of file ends without a newline
  void UART0_TxOct(u32 n);*/
delay.h(7): warning:  #1-D: last line of file ends without a newline
  #endif
lcd.h(17): warning:  #1-D: last line of file ends without a newline
  #endif
lcd_defines.h(30): warning:  #1-D: last line of file ends without a newline
  #endif
ESp01_2.c(405): warning:  #1-D: last line of file ends without a newline
  }
ESp01_2.c: 8 warnings, 0 errors
linking...
Program Size: Code=12916 RO-data=100 RW-data=328 ZI-data=1280  
".\major.axf" - 0 Error(s), 8 Warning(s).
